// Jest Snapshot v1, https://goo.gl/fbAQLP

exports[`Snapshot test Commits 1`] = `
<div
  className="Commits"
>
  <h1>
    Visualisering/presentasjon av GITLAB data
  </h1>
  <p>
    Loading...
  </p>
</div>
`;
